[    0.000000] Initializing cgroup subsys cpuset
[    0.000000] Initializing cgroup subsys cpu
[    0.000000] Initializing cgroup subsys cpuacct
[    0.000000] Linux version 4.4.5-1-ARCH (builduser@tobias) (gcc version 5.3.0 (GCC) ) #1 SMP PREEMPT Thu Mar 10 07:38:19 CET 2016
[    0.000000] Command line: BOOT_IMAGE=/boot/vmlinuz-linux root=UUID=dab87747-cb1b-4006-9dc6-af6f913aecd5 rw quiet
[    0.000000] tseg: 00bf800000
[    0.000000] x86/fpu: xstate_offset[2]:  576, xstate_sizes[2]:  256
[    0.000000] x86/fpu: Supporting XSAVE feature 0x01: 'x87 floating point registers'
[    0.000000] x86/fpu: Supporting XSAVE feature 0x02: 'SSE registers'
[    0.000000] x86/fpu: Supporting XSAVE feature 0x04: 'AVX registers'
[    0.000000] x86/fpu: Enabled xstate features 0x7, context size is 832 bytes, using 'standard' format.
[    0.000000] x86/fpu: Using 'lazy' FPU context switches.
[    0.000000] e820: BIOS-provided physical RAM map:
[    0.000000] BIOS-e820: [mem 0x0000000000000000-0x000000000009e7ff] usable
[    0.000000] BIOS-e820: [mem 0x000000000009e800-0x000000000009ffff] reserved
[    0.000000] BIOS-e820: [mem 0x00000000000e0000-0x00000000000fffff] reserved
[    0.000000] BIOS-e820: [mem 0x0000000000100000-0x00000000bd850fff] usable
[    0.000000] BIOS-e820: [mem 0x00000000bd851000-0x00000000bd880fff] reserved
[    0.000000] BIOS-e820: [mem 0x00000000bd881000-0x00000000bdb3ffff] usable
[    0.000000] BIOS-e820: [mem 0x00000000bdb40000-0x00000000bdbe0fff] ACPI NVS
[    0.000000] BIOS-e820: [mem 0x00000000bdbe1000-0x00000000bea23fff] reserved
[    0.000000] BIOS-e820: [mem 0x00000000bea24000-0x00000000bea24fff] usable
[    0.000000] BIOS-e820: [mem 0x00000000bea25000-0x00000000bec2afff] ACPI NVS
[    0.000000] BIOS-e820: [mem 0x00000000bec2b000-0x00000000bf071fff] usable
[    0.000000] BIOS-e820: [mem 0x00000000bf072000-0x00000000bf7f2fff] reserved
[    0.000000] BIOS-e820: [mem 0x00000000bf7f3000-0x00000000bf7fffff] usable
[    0.000000] BIOS-e820: [mem 0x00000000fec00000-0x00000000fec00fff] reserved
[    0.000000] BIOS-e820: [mem 0x00000000fec10000-0x00000000fec10fff] reserved
[    0.000000] BIOS-e820: [mem 0x00000000fed00000-0x00000000fed00fff] reserved
[    0.000000] BIOS-e820: [mem 0x00000000fed40000-0x00000000fed44fff] reserved
[    0.000000] BIOS-e820: [mem 0x00000000fed80000-0x00000000fed8ffff] reserved
[    0.000000] BIOS-e820: [mem 0x00000000ff000000-0x00000000ffffffff] reserved
[    0.000000] BIOS-e820: [mem 0x0000000100001000-0x000000010effffff] usable
[    0.000000] NX (Execute Disable) protection: active
[    0.000000] SMBIOS 2.7 present.
[    0.000000] DMI: MSI MS-7721/FM2-A75MA-E35 (MS-7721), BIOS V2.1 06/05/2013
[    0.000000] e820: update [mem 0x00000000-0x00000fff] usable ==> reserved
[    0.000000] e820: remove [mem 0x000a0000-0x000fffff] usable
[    0.000000] e820: last_pfn = 0x10f000 max_arch_pfn = 0x400000000
[    0.000000] MTRR default type: uncachable
[    0.000000] MTRR fixed ranges enabled:
[    0.000000]   00000-9FFFF write-back
[    0.000000]   A0000-BFFFF write-through
[    0.000000]   C0000-CFFFF write-protect
[    0.000000]   D0000-E7FFF uncachable
[    0.000000]   E8000-FFFFF write-protect
[    0.000000] MTRR variable ranges enabled:
[    0.000000]   0 base 000000000000 mask FFFF80000000 write-back
[    0.000000]   1 base 000080000000 mask FFFFC0000000 write-back
[    0.000000]   2 base 0000BF800000 mask FFFFFF800000 uncachable
[    0.000000]   3 disabled
[    0.000000]   4 disabled
[    0.000000]   5 disabled
[    0.000000]   6 disabled
[    0.000000]   7 disabled
[    0.000000] TOM2: 000000013f000000 aka 5104M
[    0.000000] x86/PAT: Configuration [0-7]: WB  WC  UC- UC  WB  WC  UC- WT  
[    0.000000] e820: update [mem 0xbf800000-0xffffffff] usable ==> reserved
[    0.000000] e820: last_pfn = 0xbf800 max_arch_pfn = 0x400000000
[    0.000000] found SMP MP-table at [mem 0x000fd870-0x000fd87f] mapped at [ffff8800000fd870]
[    0.000000] Scanning 1 areas for low memory corruption
[    0.000000] Base memory trampoline at [ffff880000098000] 98000 size 24576
[    0.000000] Using GB pages for direct mapping
[    0.000000] BRK [0x01b3f000, 0x01b3ffff] PGTABLE
[    0.000000] BRK [0x01b40000, 0x01b40fff] PGTABLE
[    0.000000] BRK [0x01b41000, 0x01b41fff] PGTABLE
[    0.000000] BRK [0x01b42000, 0x01b42fff] PGTABLE
[    0.000000] BRK [0x01b43000, 0x01b43fff] PGTABLE
[    0.000000] BRK [0x01b44000, 0x01b44fff] PGTABLE
[    0.000000] RAMDISK: [mem 0x35ca2000-0x36e48fff]
[    0.000000] ACPI: Early table checksum verification disabled
[    0.000000] ACPI: RSDP 0x00000000000F04A0 000024 (v02 ALASKA)
[    0.000000] ACPI: XSDT 0x00000000BDBCE078 00006C (v01 ALASKA A M I    01072009 AMI  00010013)
[    0.000000] ACPI: FACP 0x00000000BDBD4240 00010C (v05 ALASKA A M I    01072009 AMI  00010013)
[    0.000000] ACPI BIOS Warning (bug): Optional FADT field Pm2ControlBlock has zero address or length: 0x0000000000000000/0x1 (20150930/tbfadt-654)
[    0.000000] ACPI: DSDT 0x00000000BDBCE178 0060C3 (v02 ALASKA A M I    00000000 INTL 20051117)
[    0.000000] ACPI: FACS 0x00000000BDBD6080 000040
[    0.000000] ACPI: APIC 0x00000000BDBD4350 000072 (v03 ALASKA A M I    01072009 AMI  00010013)
[    0.000000] ACPI: FPDT 0x00000000BDBD43C8 000044 (v01 ALASKA A M I    01072009 AMI  00010013)
[    0.000000] ACPI: MCFG 0x00000000BDBD4410 00003C (v01 ALASKA A M I    01072009 MSFT 00010013)
[    0.000000] ACPI: HPET 0x00000000BDBD4450 000038 (v01 ALASKA A M I    01072009 AMI  00000005)
[    0.000000] ACPI: IVRS 0x00000000BDBD4488 000070 (v02 AMD    ANNAPURN 00000001 AMD  00000000)
[    0.000000] ACPI: SSDT 0x00000000BDBD44F8 000B9C (v01 AMD    ANNAPURN 00000001 AMD  00000001)
[    0.000000] ACPI: SSDT 0x00000000BDBD5098 0004B7 (v02 AMD    ANNAPURN 00000001 MSFT 04000000)
[    0.000000] ACPI: CRAT 0x00000000BDBD5550 0002A8 (v01 AMD    ANNAPURN 00000001 AMD  00000001)
[    0.000000] ACPI: Local APIC address 0xfee00000
[    0.000000] No NUMA configuration found
[    0.000000] Faking a node at [mem 0x0000000000000000-0x000000010effffff]
[    0.000000] NODE_DATA(0) allocated [mem 0x10eff6000-0x10eff9fff]
[    0.000000] Zone ranges:
[    0.000000]   DMA      [mem 0x0000000000001000-0x0000000000ffffff]
[    0.000000]   DMA32    [mem 0x0000000001000000-0x00000000ffffffff]
[    0.000000]   Normal   [mem 0x0000000100000000-0x000000010effffff]
[    0.000000] Movable zone start for each node
[    0.000000] Early memory node ranges
[    0.000000]   node   0: [mem 0x0000000000001000-0x000000000009dfff]
[    0.000000]   node   0: [mem 0x0000000000100000-0x00000000bd850fff]
[    0.000000]   node   0: [mem 0x00000000bd881000-0x00000000bdb3ffff]
[    0.000000]   node   0: [mem 0x00000000bea24000-0x00000000bea24fff]
[    0.000000]   node   0: [mem 0x00000000bec2b000-0x00000000bf071fff]
[    0.000000]   node   0: [mem 0x00000000bf7f3000-0x00000000bf7fffff]
[    0.000000]   node   0: [mem 0x0000000100001000-0x000000010effffff]
[    0.000000] Initmem setup node 0 [mem 0x0000000000001000-0x000000010effffff]
[    0.000000] On node 0 totalpages: 839425
[    0.000000]   DMA zone: 64 pages used for memmap
[    0.000000]   DMA zone: 21 pages reserved
[    0.000000]   DMA zone: 3997 pages, LIFO batch:0
[    0.000000]   DMA32 zone: 12094 pages used for memmap
[    0.000000]   DMA32 zone: 773989 pages, LIFO batch:31
[    0.000000]   Normal zone: 960 pages used for memmap
[    0.000000]   Normal zone: 61439 pages, LIFO batch:15
[    0.000000] ACPI: PM-Timer IO Port: 0x808
[    0.000000] ACPI: Local APIC address 0xfee00000
[    0.000000] ACPI: LAPIC_NMI (acpi_id[0xff] high edge lint[0x1])
[    0.000000] IOAPIC[0]: apic_id 5, version 33, address 0xfec00000, GSI 0-23
[    0.000000] ACPI: INT_SRC_OVR (bus 0 bus_irq 0 global_irq 2 dfl dfl)
[    0.000000] ACPI: INT_SRC_OVR (bus 0 bus_irq 9 global_irq 9 low level)
[    0.000000] ACPI: IRQ0 used by override.
[    0.000000] ACPI: IRQ9 used by override.
[    0.000000] Using ACPI (MADT) for SMP configuration information
[    0.000000] ACPI: HPET id: 0x10228210 base: 0xfed00000
[    0.000000] smpboot: Allowing 4 CPUs, 0 hotplug CPUs
[    0.000000] PM: Registered nosave memory: [mem 0x00000000-0x00000fff]
[    0.000000] PM: Registered nosave memory: [mem 0x0009e000-0x0009efff]
[    0.000000] PM: Registered nosave memory: [mem 0x0009f000-0x0009ffff]
[    0.000000] PM: Registered nosave memory: [mem 0x000a0000-0x000dffff]
[    0.000000] PM: Registered nosave memory: [mem 0x000e0000-0x000fffff]
[    0.000000] PM: Registered nosave memory: [mem 0xbd851000-0xbd880fff]
[    0.000000] PM: Registered nosave memory: [mem 0xbdb40000-0xbdbe0fff]
[    0.000000] PM: Registered nosave memory: [mem 0xbdbe1000-0xbea23fff]
[    0.000000] PM: Registered nosave memory: [mem 0xbea25000-0xbec2afff]
[    0.000000] PM: Registered nosave memory: [mem 0xbf072000-0xbf7f2fff]
[    0.000000] PM: Registered nosave memory: [mem 0xbf800000-0xfebfffff]
[    0.000000] PM: Registered nosave memory: [mem 0xfec00000-0xfec00fff]
[    0.000000] PM: Registered nosave memory: [mem 0xfec01000-0xfec0ffff]
[    0.000000] PM: Registered nosave memory: [mem 0xfec10000-0xfec10fff]
[    0.000000] PM: Registered nosave memory: [mem 0xfec11000-0xfecfffff]
[    0.000000] PM: Registered nosave memory: [mem 0xfed00000-0xfed00fff]
[    0.000000] PM: Registered nosave memory: [mem 0xfed01000-0xfed3ffff]
[    0.000000] PM: Registered nosave memory: [mem 0xfed40000-0xfed44fff]
[    0.000000] PM: Registered nosave memory: [mem 0xfed45000-0xfed7ffff]
[    0.000000] PM: Registered nosave memory: [mem 0xfed80000-0xfed8ffff]
[    0.000000] PM: Registered nosave memory: [mem 0xfed90000-0xfeffffff]
[    0.000000] PM: Registered nosave memory: [mem 0xff000000-0xffffffff]
[    0.000000] PM: Registered nosave memory: [mem 0x100000000-0x100000fff]
[    0.000000] e820: [mem 0xbf800000-0xfebfffff] available for PCI devices
[    0.000000] Booting paravirtualized kernel on bare hardware
[    0.000000] clocksource: refined-jiffies: mask: 0xffffffff max_cycles: 0xffffffff, max_idle_ns: 6370452778343963 ns
[    0.000000] setup_percpu: NR_CPUS:128 nr_cpumask_bits:128 nr_cpu_ids:4 nr_node_ids:1
[    0.000000] PERCPU: Embedded 32 pages/cpu @ffff88010ec00000 s92696 r8192 d30184 u524288
[    0.000000] pcpu-alloc: s92696 r8192 d30184 u524288 alloc=1*2097152
[    0.000000] pcpu-alloc: [0] 0 1 2 3 
[    0.000000] Built 1 zonelists in Node order, mobility grouping on.  Total pages: 826286
[    0.000000] Policy zone: Normal
[    0.000000] Kernel command line: BOOT_IMAGE=/boot/vmlinuz-linux root=UUID=dab87747-cb1b-4006-9dc6-af6f913aecd5 rw quiet
[    0.000000] PID hash table entries: 4096 (order: 3, 32768 bytes)
[    0.000000] Calgary: detecting Calgary via BIOS EBDA area
[    0.000000] Calgary: Unable to locate Rio Grande table in EBDA - bailing!
[    0.000000] Memory: 3207896K/3357700K available (5742K kernel code, 946K rwdata, 1820K rodata, 1188K init, 1156K bss, 149804K reserved, 0K cma-reserved)
[    0.000000] SLUB: HWalign=64, Order=0-3, MinObjects=0, CPUs=4, Nodes=1
[    0.000000] Preemptible hierarchical RCU implementation.
[    0.000000] 	Build-time adjustment of leaf fanout to 64.
[    0.000000] 	RCU restricting CPUs from NR_CPUS=128 to nr_cpu_ids=4.
[    0.000000] RCU: Adjusting geometry for rcu_fanout_leaf=64, nr_cpu_ids=4
[    0.000000] NR_IRQS:8448 nr_irqs:456 16
[    0.000000] spurious 8259A interrupt: IRQ7.
[    0.000000] Console: colour dummy device 80x25
[    0.000000] console [tty0] enabled
[    0.000000] clocksource: hpet: mask: 0xffffffff max_cycles: 0xffffffff, max_idle_ns: 133484873504 ns
[    0.000000] hpet clockevent registered
[    0.000000] tsc: Fast TSC calibration using PIT
[    0.000000] tsc: Detected 3499.673 MHz processor
[    0.000021] Calibrating delay loop (skipped), value calculated using timer frequency.. 7002.98 BogoMIPS (lpj=11665576)
[    0.000024] pid_max: default: 32768 minimum: 301
[    0.000029] ACPI: Core revision 20150930
[    0.002966] ACPI: 3 ACPI AML tables successfully acquired and loaded
[    0.002983] Security Framework initialized
[    0.002985] Yama: becoming mindful.
[    0.003213] Dentry cache hash table entries: 524288 (order: 10, 4194304 bytes)
[    0.004247] Inode-cache hash table entries: 262144 (order: 9, 2097152 bytes)
[    0.004718] Mount-cache hash table entries: 8192 (order: 4, 65536 bytes)
[    0.004724] Mountpoint-cache hash table entries: 8192 (order: 4, 65536 bytes)
[    0.004914] Initializing cgroup subsys io
[    0.004919] Initializing cgroup subsys memory
[    0.004925] Initializing cgroup subsys devices
[    0.004928] Initializing cgroup subsys freezer
[    0.004930] Initializing cgroup subsys net_cls
[    0.004932] Initializing cgroup subsys pids
[    0.004950] CPU: Physical Processor ID: 0
[    0.004951] CPU: Processor Core ID: 0
[    0.004952] mce: CPU supports 7 MCE banks
[    0.004963] Last level iTLB entries: 4KB 512, 2MB 1024, 4MB 512
[    0.004964] Last level dTLB entries: 4KB 1024, 2MB 1024, 4MB 512, 1GB 0
[    0.005184] Freeing SMP alternatives memory: 20K (ffffffff81a17000 - ffffffff81a1c000)
[    0.021931] ftrace: allocating 22869 entries in 90 pages
[    0.110621] ..TIMER: vector=0x30 apic1=0 pin1=2 apic2=-1 pin2=-1
[    0.249935] smpboot: CPU0: AMD A8-6500 APU with Radeon(tm) HD Graphics (family: 0x15, model: 0x13, stepping: 0x1)
[    0.249956] Performance Events: Fam15h core perfctr, AMD PMU driver.
[    0.249961] ... version:                0
[    0.249962] ... bit width:              48
[    0.249962] ... generic registers:      6
[    0.249963] ... value mask:             0000ffffffffffff
[    0.249964] ... max period:             00007fffffffffff
[    0.249965] ... fixed-purpose events:   0
[    0.249966] ... event mask:             000000000000003f
[    0.270076] NMI watchdog: enabled on all CPUs, permanently consumes one hw-PMU counter.
[    0.280030] x86: Booting SMP configuration:
[    0.280037] .... node  #0, CPUs:      #1 #2 #3
[    0.302211] x86: Booted up 1 node, 4 CPUs
[    0.302215] smpboot: Total of 4 processors activated (28008.94 BogoMIPS)
[    0.303000] devtmpfs: initialized
[    0.305396] PM: Registering ACPI NVS region [mem 0xbdb40000-0xbdbe0fff] (659456 bytes)
[    0.305405] PM: Registering ACPI NVS region [mem 0xbea25000-0xbec2afff] (2121728 bytes)
[    0.305502] clocksource: jiffies: mask: 0xffffffff max_cycles: 0xffffffff, max_idle_ns: 6370867519511994 ns
[    0.305580] pinctrl core: initialized pinctrl subsystem
[    0.305613] RTC time: 20:47:31, date: 06/20/16
[    0.305713] NET: Registered protocol family 16
[    0.313346] cpuidle: using governor ladder
[    0.326679] cpuidle: using governor menu
[    0.326811] ACPI: bus type PCI registered
[    0.326814] acpiphp: ACPI Hot Plug PCI Controller Driver version: 0.5
[    0.326888] PCI: MMCONFIG for domain 0000 [bus 00-ff] at [mem 0xe0000000-0xefffffff] (base 0xe0000000)
[    0.326891] PCI: not using MMCONFIG
[    0.326892] PCI: Using configuration type 1 for base access
[    0.326892] PCI: Using configuration type 1 for extended access
[    0.327072] mtrr: your CPUs had inconsistent variable MTRR settings
[    0.327073] mtrr: probably your BIOS does not setup all CPUs.
[    0.327074] mtrr: corrected configuration.
[    0.340487] ACPI: Added _OSI(Module Device)
[    0.340490] ACPI: Added _OSI(Processor Device)
[    0.340491] ACPI: Added _OSI(3.0 _SCP Extensions)
[    0.340493] ACPI: Added _OSI(Processor Aggregator Device)
[    0.341789] ACPI: Executed 1 blocks of module-level executable AML code
[    0.343747] ACPI: Interpreter enabled
[    0.343752] ACPI Exception: AE_NOT_FOUND, While evaluating Sleep State [\_S1_] (20150930/hwxface-580)
[    0.343756] ACPI Exception: AE_NOT_FOUND, While evaluating Sleep State [\_S2_] (20150930/hwxface-580)
[    0.343767] ACPI: (supports S0 S3 S4 S5)
[    0.343768] ACPI: Using IOAPIC for interrupt routing
[    0.343788] PCI: MMCONFIG for domain 0000 [bus 00-ff] at [mem 0xe0000000-0xefffffff] (base 0xe0000000)
[    0.343818] PCI: MMCONFIG at [mem 0xe0000000-0xefffffff] reserved in ACPI motherboard resources
[    0.343827] PCI: Using host bridge windows from ACPI; if necessary, use "pci=nocrs" and report a bug
[    0.348141] ACPI: PCI Root Bridge [PCI0] (domain 0000 [bus 00-ff])
[    0.348146] acpi PNP0A03:00: _OSC: OS supports [ExtendedConfig ASPM ClockPM Segments MSI]
[    0.348260] acpi PNP0A03:00: _OSC: platform does not support [PCIeCapability]
[    0.348316] acpi PNP0A03:00: _OSC: not requesting control; platform does not support [PCIeCapability]
[    0.348318] acpi PNP0A03:00: _OSC: OS requested [PCIeHotplug PME AER PCIeCapability]
[    0.348320] acpi PNP0A03:00: _OSC: platform willing to grant [PCIeHotplug PME AER]
[    0.348322] acpi PNP0A03:00: _OSC failed (AE_SUPPORT); disabling ASPM
[    0.348549] PCI host bridge to bus 0000:00
[    0.348552] pci_bus 0000:00: root bus resource [io  0x0000-0x03af window]
[    0.348553] pci_bus 0000:00: root bus resource [io  0x03e0-0x0cf7 window]
[    0.348555] pci_bus 0000:00: root bus resource [io  0x03b0-0x03df window]
[    0.348556] pci_bus 0000:00: root bus resource [io  0x0d00-0xffff window]
[    0.348558] pci_bus 0000:00: root bus resource [mem 0x000a0000-0x000bffff window]
[    0.348559] pci_bus 0000:00: root bus resource [mem 0x000c0000-0x000dffff window]
[    0.348561] pci_bus 0000:00: root bus resource [mem 0xc0000000-0xffffffff window]
[    0.348562] pci_bus 0000:00: root bus resource [bus 00-ff]
[    0.348568] pci 0000:00:00.0: [1022:1410] type 00 class 0x060000
[    0.348645] pci 0000:00:00.2: [1022:1419] type 00 class 0x080600
[    0.348735] pci 0000:00:01.0: [1002:990e] type 00 class 0x030000
[    0.348747] pci 0000:00:01.0: reg 0x10: [mem 0xc0000000-0xcfffffff pref]
[    0.348752] pci 0000:00:01.0: reg 0x14: [io  0xf000-0xf0ff]
[    0.348756] pci 0000:00:01.0: reg 0x18: [mem 0xfef00000-0xfef3ffff]
[    0.348782] pci 0000:00:01.0: supports D1 D2
[    0.348837] pci 0000:00:01.1: [1002:9902] type 00 class 0x040300
[    0.348849] pci 0000:00:01.1: reg 0x10: [mem 0xfef44000-0xfef47fff]
[    0.348883] pci 0000:00:01.1: supports D1 D2
[    0.348953] pci 0000:00:04.0: [1022:1414] type 01 class 0x060400
[    0.348988] pci 0000:00:04.0: PME# supported from D0 D3hot D3cold
[    0.349024] pci 0000:00:04.0: System wakeup disabled by ACPI
[    0.349081] pci 0000:00:10.0: [1022:7812] type 00 class 0x0c0330
[    0.349115] pci 0000:00:10.0: reg 0x10: [mem 0xfef4a000-0xfef4bfff 64bit]
[    0.349187] pci 0000:00:10.0: PME# supported from D0 D3hot D3cold
[    0.349230] pci 0000:00:10.0: System wakeup disabled by ACPI
[    0.349274] pci 0000:00:10.1: [1022:7812] type 00 class 0x0c0330
[    0.349308] pci 0000:00:10.1: reg 0x10: [mem 0xfef48000-0xfef49fff 64bit]
[    0.349380] pci 0000:00:10.1: PME# supported from D0 D3hot D3cold
[    0.349423] pci 0000:00:10.1: System wakeup disabled by ACPI
[    0.349466] pci 0000:00:11.0: [1022:7801] type 00 class 0x010601
[    0.349487] pci 0000:00:11.0: reg 0x10: [io  0xf140-0xf147]
[    0.349494] pci 0000:00:11.0: reg 0x14: [io  0xf130-0xf133]
[    0.349502] pci 0000:00:11.0: reg 0x18: [io  0xf120-0xf127]
[    0.349509] pci 0000:00:11.0: reg 0x1c: [io  0xf110-0xf113]
[    0.349517] pci 0000:00:11.0: reg 0x20: [io  0xf100-0xf10f]
[    0.349524] pci 0000:00:11.0: reg 0x24: [mem 0xfef51000-0xfef517ff]
[    0.349607] pci 0000:00:12.0: [1022:7807] type 00 class 0x0c0310
[    0.349620] pci 0000:00:12.0: reg 0x10: [mem 0xfef50000-0xfef50fff]
[    0.349694] pci 0000:00:12.0: System wakeup disabled by ACPI
[    0.349732] pci 0000:00:12.2: [1022:7808] type 00 class 0x0c0320
[    0.349753] pci 0000:00:12.2: reg 0x10: [mem 0xfef4f000-0xfef4f0ff]
[    0.349808] pci 0000:00:12.2: supports D1 D2
[    0.349810] pci 0000:00:12.2: PME# supported from D0 D1 D2 D3hot
[    0.349853] pci 0000:00:12.2: System wakeup disabled by ACPI
[    0.349891] pci 0000:00:13.0: [1022:7807] type 00 class 0x0c0310
[    0.349903] pci 0000:00:13.0: reg 0x10: [mem 0xfef4e000-0xfef4efff]
[    0.349977] pci 0000:00:13.0: System wakeup disabled by ACPI
[    0.350013] pci 0000:00:13.2: [1022:7808] type 00 class 0x0c0320
[    0.350033] pci 0000:00:13.2: reg 0x10: [mem 0xfef4d000-0xfef4d0ff]
[    0.350089] pci 0000:00:13.2: supports D1 D2
[    0.350090] pci 0000:00:13.2: PME# supported from D0 D1 D2 D3hot
[    0.350123] pci 0000:00:13.2: System wakeup disabled by ACPI
[    0.350161] pci 0000:00:14.0: [1022:780b] type 00 class 0x0c0500
[    0.350267] pci 0000:00:14.2: [1022:780d] type 00 class 0x040300
[    0.350288] pci 0000:00:14.2: reg 0x10: [mem 0xfef40000-0xfef43fff 64bit]
[    0.350334] pci 0000:00:14.2: PME# supported from D0 D3hot D3cold
[    0.350367] pci 0000:00:14.2: System wakeup disabled by ACPI
[    0.350399] pci 0000:00:14.3: [1022:780e] type 00 class 0x060100
[    0.350508] pci 0000:00:14.4: [1022:780f] type 01 class 0x060401
[    0.350565] pci 0000:00:14.4: System wakeup disabled by ACPI
[    0.350597] pci 0000:00:14.5: [1022:7809] type 00 class 0x0c0310
[    0.350609] pci 0000:00:14.5: reg 0x10: [mem 0xfef4c000-0xfef4cfff]
[    0.350682] pci 0000:00:14.5: System wakeup disabled by ACPI
[    0.350717] pci 0000:00:18.0: [1022:1400] type 00 class 0x060000
[    0.350778] pci 0000:00:18.1: [1022:1401] type 00 class 0x060000
[    0.350837] pci 0000:00:18.2: [1022:1402] type 00 class 0x060000
[    0.350895] pci 0000:00:18.3: [1022:1403] type 00 class 0x060000
[    0.350958] pci 0000:00:18.4: [1022:1404] type 00 class 0x060000
[    0.351017] pci 0000:00:18.5: [1022:1405] type 00 class 0x060000
[    0.351121] pci 0000:01:00.0: [10ec:8168] type 00 class 0x020000
[    0.351148] pci 0000:01:00.0: reg 0x10: [io  0xe000-0xe0ff]
[    0.351168] pci 0000:01:00.0: reg 0x18: [mem 0xd0004000-0xd0004fff 64bit pref]
[    0.351180] pci 0000:01:00.0: reg 0x20: [mem 0xd0000000-0xd0003fff 64bit pref]
[    0.351228] pci 0000:01:00.0: supports D1 D2
[    0.351230] pci 0000:01:00.0: PME# supported from D0 D1 D2 D3hot D3cold
[    0.356688] pci 0000:00:04.0: PCI bridge to [bus 01]
[    0.356700] pci 0000:00:04.0:   bridge window [io  0xe000-0xefff]
[    0.356708] pci 0000:00:04.0:   bridge window [mem 0xd0000000-0xd00fffff 64bit pref]
[    0.356801] pci 0000:00:14.4: PCI bridge to [bus 02] (subtractive decode)
[    0.356809] pci 0000:00:14.4:   bridge window [io  0x0000-0x03af window] (subtractive decode)
[    0.356810] pci 0000:00:14.4:   bridge window [io  0x03e0-0x0cf7 window] (subtractive decode)
[    0.356812] pci 0000:00:14.4:   bridge window [io  0x03b0-0x03df window] (subtractive decode)
[    0.356813] pci 0000:00:14.4:   bridge window [io  0x0d00-0xffff window] (subtractive decode)
[    0.356815] pci 0000:00:14.4:   bridge window [mem 0x000a0000-0x000bffff window] (subtractive decode)
[    0.356816] pci 0000:00:14.4:   bridge window [mem 0x000c0000-0x000dffff window] (subtractive decode)
[    0.356818] pci 0000:00:14.4:   bridge window [mem 0xc0000000-0xffffffff window] (subtractive decode)
[    0.357224] ACPI: PCI Interrupt Link [LNKA] (IRQs 4 5 7 10 *11 14 15)
[    0.357278] ACPI: PCI Interrupt Link [LNKB] (IRQs 4 5 7 *10 11 14 15)
[    0.357330] ACPI: PCI Interrupt Link [LNKC] (IRQs 4 5 7 10 *11 14 15)
[    0.357380] ACPI: PCI Interrupt Link [LNKD] (IRQs 4 5 7 *10 11 14 15)
[    0.357422] ACPI: PCI Interrupt Link [LNKE] (IRQs 4 5 7 10 11 14 15) *0
[    0.357455] ACPI: PCI Interrupt Link [LNKF] (IRQs 4 5 7 10 11 14 15) *0
[    0.357488] ACPI: PCI Interrupt Link [LNKG] (IRQs 4 5 7 10 11 14 15) *0
[    0.357521] ACPI: PCI Interrupt Link [LNKH] (IRQs 4 5 7 10 11 14 15) *0
[    0.357816] vgaarb: setting as boot device: PCI:0000:00:01.0
[    0.357818] vgaarb: device added: PCI:0000:00:01.0,decodes=io+mem,owns=io+mem,locks=none
[    0.357823] vgaarb: loaded
[    0.357824] vgaarb: bridge control possible 0000:00:01.0
[    0.357939] PCI: Using ACPI for IRQ routing
[    0.364660] PCI: pci_cache_line_size set to 64 bytes
[    0.364701] e820: reserve RAM buffer [mem 0x0009e800-0x0009ffff]
[    0.364703] e820: reserve RAM buffer [mem 0xbd851000-0xbfffffff]
[    0.364704] e820: reserve RAM buffer [mem 0xbdb40000-0xbfffffff]
[    0.364705] e820: reserve RAM buffer [mem 0xbea25000-0xbfffffff]
[    0.364706] e820: reserve RAM buffer [mem 0xbf072000-0xbfffffff]
[    0.364707] e820: reserve RAM buffer [mem 0xbf800000-0xbfffffff]
[    0.364708] e820: reserve RAM buffer [mem 0x10f000000-0x10fffffff]
[    0.364810] NetLabel: Initializing
[    0.364811] NetLabel:  domain hash size = 128
[    0.364812] NetLabel:  protocols = UNLABELED CIPSOv4
[    0.364820] NetLabel:  unlabeled traffic allowed by default
[    0.364842] hpet0: at MMIO 0xfed00000, IRQs 2, 8, 0
[    0.364844] hpet0: 3 comparators, 32-bit 14.318180 MHz counter
[    0.366950] clocksource: Switched to clocksource hpet
[    0.372557] pnp: PnP ACPI init
[    0.372676] system 00:00: [mem 0xe0000000-0xefffffff] has been reserved
[    0.372680] system 00:00: Plug and Play ACPI device, IDs PNP0c01 (active)
[    0.372746] system 00:01: [mem 0x90000000-0xbfffffff] could not be reserved
[    0.372748] system 00:01: Plug and Play ACPI device, IDs PNP0c02 (active)
[    0.372813] system 00:02: [mem 0xfeb80000-0xfebfffff] could not be reserved
[    0.372815] system 00:02: Plug and Play ACPI device, IDs PNP0c02 (active)
[    0.372920] system 00:03: [io  0x0a00-0x0a1f] has been reserved
[    0.372922] system 00:03: [io  0x0600-0x060f] has been reserved
[    0.372925] system 00:03: Plug and Play ACPI device, IDs PNP0c02 (active)
[    0.373092] pnp 00:04: [dma 0 disabled]
[    0.373127] pnp 00:04: Plug and Play ACPI device, IDs PNP0501 (active)
[    0.373317] pnp 00:05: [dma 3]
[    0.373388] pnp 00:05: Plug and Play ACPI device, IDs PNP0400 (active)
[    0.373431] system 00:06: Plug and Play ACPI device, IDs PNP0c02 (active)
[    0.373455] pnp 00:07: Plug and Play ACPI device, IDs PNP0b00 (active)
[    0.373496] system 00:08: [io  0x04d0-0x04d1] has been reserved
[    0.373499] system 00:08: Plug and Play ACPI device, IDs PNP0c02 (active)
[    0.373695] system 00:09: [io  0x04d0-0x04d1] has been reserved
[    0.373697] system 00:09: [io  0x040b] has been reserved
[    0.373699] system 00:09: [io  0x04d6] has been reserved
[    0.373700] system 00:09: [io  0x0c00-0x0c01] has been reserved
[    0.373702] system 00:09: [io  0x0c14] has been reserved
[    0.373703] system 00:09: [io  0x0c50-0x0c51] has been reserved
[    0.373705] system 00:09: [io  0x0c52] has been reserved
[    0.373706] system 00:09: [io  0x0c6c] has been reserved
[    0.373707] system 00:09: [io  0x0c6f] has been reserved
[    0.373709] system 00:09: [io  0x0cd0-0x0cd1] has been reserved
[    0.373710] system 00:09: [io  0x0cd2-0x0cd3] has been reserved
[    0.373712] system 00:09: [io  0x0cd4-0x0cd5] has been reserved
[    0.373713] system 00:09: [io  0x0cd6-0x0cd7] has been reserved
[    0.373714] system 00:09: [io  0x0cd8-0x0cdf] has been reserved
[    0.373716] system 00:09: [io  0x0800-0x089f] could not be reserved
[    0.373717] system 00:09: [io  0x0b20-0x0b3f] has been reserved
[    0.373719] system 00:09: [io  0x0900-0x090f] has been reserved
[    0.373720] system 00:09: [io  0x0910-0x091f] has been reserved
[    0.373722] system 00:09: [io  0xfe00-0xfefe] has been reserved
[    0.373724] system 00:09: [mem 0xfec00000-0xfec00fff] could not be reserved
[    0.373725] system 00:09: [mem 0xfee00000-0xfee00fff] has been reserved
[    0.373727] system 00:09: [mem 0xfed80000-0xfed8ffff] has been reserved
[    0.373728] system 00:09: [mem 0xfed61000-0xfed70fff] has been reserved
[    0.373730] system 00:09: [mem 0xfec10000-0xfec10fff] has been reserved
[    0.373732] system 00:09: [mem 0xfed00000-0xfed00fff] could not be reserved
[    0.373734] system 00:09: [mem 0xff000000-0xffffffff] has been reserved
[    0.373736] system 00:09: Plug and Play ACPI device, IDs PNP0c02 (active)
[    0.373879] pnp: PnP ACPI: found 10 devices
[    0.380537] clocksource: acpi_pm: mask: 0xffffff max_cycles: 0xffffff, max_idle_ns: 2085701024 ns
[    0.380552] pci 0000:00:04.0: PCI bridge to [bus 01]
[    0.380555] pci 0000:00:04.0:   bridge window [io  0xe000-0xefff]
[    0.380559] pci 0000:00:04.0:   bridge window [mem 0xd0000000-0xd00fffff 64bit pref]
[    0.380563] pci 0000:00:14.4: PCI bridge to [bus 02]
[    0.380573] pci_bus 0000:00: resource 4 [io  0x0000-0x03af window]
[    0.380574] pci_bus 0000:00: resource 5 [io  0x03e0-0x0cf7 window]
[    0.380576] pci_bus 0000:00: resource 6 [io  0x03b0-0x03df window]
[    0.380577] pci_bus 0000:00: resource 7 [io  0x0d00-0xffff window]
[    0.380579] pci_bus 0000:00: resource 8 [mem 0x000a0000-0x000bffff window]
[    0.380580] pci_bus 0000:00: resource 9 [mem 0x000c0000-0x000dffff window]
[    0.380582] pci_bus 0000:00: resource 10 [mem 0xc0000000-0xffffffff window]
[    0.380583] pci_bus 0000:01: resource 0 [io  0xe000-0xefff]
[    0.380584] pci_bus 0000:01: resource 2 [mem 0xd0000000-0xd00fffff 64bit pref]
[    0.380586] pci_bus 0000:02: resource 4 [io  0x0000-0x03af window]
[    0.380587] pci_bus 0000:02: resource 5 [io  0x03e0-0x0cf7 window]
[    0.380589] pci_bus 0000:02: resource 6 [io  0x03b0-0x03df window]
[    0.380590] pci_bus 0000:02: resource 7 [io  0x0d00-0xffff window]
[    0.380591] pci_bus 0000:02: resource 8 [mem 0x000a0000-0x000bffff window]
[    0.380593] pci_bus 0000:02: resource 9 [mem 0x000c0000-0x000dffff window]
[    0.380594] pci_bus 0000:02: resource 10 [mem 0xc0000000-0xffffffff window]
[    0.380621] NET: Registered protocol family 2
[    0.380789] TCP established hash table entries: 32768 (order: 6, 262144 bytes)
[    0.380898] TCP bind hash table entries: 32768 (order: 7, 524288 bytes)
[    0.381012] TCP: Hash tables configured (established 32768 bind 32768)
[    0.381049] UDP hash table entries: 2048 (order: 4, 65536 bytes)
[    0.381068] UDP-Lite hash table entries: 2048 (order: 4, 65536 bytes)
[    0.381115] NET: Registered protocol family 1
[    0.381129] pci 0000:00:01.0: Video device with shadowed ROM
[    0.610409] PCI: CLS 64 bytes, default 64
[    0.610467] Unpacking initramfs...
[    0.852291] Freeing initrd memory: 18076K (ffff880035ca2000 - ffff880036e49000)
[    0.853178] iommu: Adding device 0000:00:01.0 to group 0
[    0.853193] iommu: Adding device 0000:00:01.1 to group 0
[    0.853533] iommu: Adding device 0000:00:04.0 to group 1
[    0.853927] iommu: Adding device 0000:00:10.0 to group 2
[    0.853944] iommu: Adding device 0000:00:10.1 to group 2
[    0.854303] iommu: Adding device 0000:00:11.0 to group 3
[    0.854669] iommu: Adding device 0000:00:12.0 to group 4
[    0.854683] iommu: Adding device 0000:00:12.2 to group 4
[    0.855028] iommu: Adding device 0000:00:13.0 to group 5
[    0.855040] iommu: Adding device 0000:00:13.2 to group 5
[    0.855390] iommu: Adding device 0000:00:14.0 to group 6
[    0.855403] iommu: Adding device 0000:00:14.2 to group 6
[    0.855416] iommu: Adding device 0000:00:14.3 to group 6
[    0.855755] iommu: Adding device 0000:00:14.4 to group 7
[    0.856097] iommu: Adding device 0000:00:14.5 to group 8
[    0.856455] iommu: Adding device 0000:00:18.0 to group 9
[    0.856469] iommu: Adding device 0000:00:18.1 to group 9
[    0.856482] iommu: Adding device 0000:00:18.2 to group 9
[    0.856495] iommu: Adding device 0000:00:18.3 to group 9
[    0.856508] iommu: Adding device 0000:00:18.4 to group 9
[    0.856522] iommu: Adding device 0000:00:18.5 to group 9
[    0.856534] iommu: Adding device 0000:01:00.0 to group 1
[    0.856535] AMD-Vi: Found IOMMU at 0000:00:00.2 cap 0x40
[    0.856536] AMD-Vi:  Extended features:  PreF PPR GT IA
[    0.856539] AMD-Vi: Interrupt remapping enabled
[    0.856711] AMD-Vi: Lazy IO/TLB flushing enabled
[    0.858490] perf: AMD NB counters detected
[    0.858576] LVT offset 0 assigned for vector 0x400
[    0.858596] perf: AMD IBS detected (0x000000ff)
[    0.858636] Scanning for low memory corruption every 60 seconds
[    0.858914] futex hash table entries: 1024 (order: 4, 65536 bytes)
[    0.859159] Initialise system trusted keyring
[    0.859332] HugeTLB registered 2 MB page size, pre-allocated 0 pages
[    0.860886] zbud: loaded
[    0.861104] VFS: Disk quotas dquot_6.6.0
[    0.861137] VFS: Dquot-cache hash table entries: 512 (order 0, 4096 bytes)
[    0.861293] Key type big_key registered
[    0.861584] Block layer SCSI generic (bsg) driver version 0.4 loaded (major 250)
[    0.861622] io scheduler noop registered
[    0.861625] io scheduler deadline registered
[    0.861654] io scheduler cfq registered (default)
[    0.861855] pci_hotplug: PCI Hot Plug PCI Core version: 0.5
[    0.861861] pciehp: PCI Express Hot Plug Controller Driver version: 0.4
[    0.861870] vesafb: mode is 1920x1080x32, linelength=7680, pages=0
[    0.861871] vesafb: scrolling: redraw
[    0.861873] vesafb: Truecolor: size=0:8:8:8, shift=0:16:8:0
[    0.861885] vesafb: framebuffer at 0xc0000000, mapped to 0xffffc90001000000, using 8128k, total 8128k
[    0.888472] Console: switching to colour frame buffer device 240x67
[    0.914603] fb0: VESA VGA frame buffer device
[    0.914636] GHES: HEST is not enabled!
[    0.914773] Serial: 8250/16550 driver, 4 ports, IRQ sharing disabled
[    0.935255] 00:04: ttyS0 at I/O 0x3f8 (irq = 4, base_baud = 115200) is a 16550A
[    0.935746] Linux agpgart interface v0.103
[    0.936021] rtc_cmos 00:07: RTC can wake from S4
[    0.936123] rtc_cmos 00:07: rtc core: registered rtc_cmos as rtc0
[    0.936149] rtc_cmos 00:07: alarms up to one month, y3k, 114 bytes nvram, hpet irqs
[    0.936159] ledtrig-cpu: registered to indicate activity on CPUs
[    0.936488] NET: Registered protocol family 10
[    0.936654] NET: Registered protocol family 17
[    0.936886] microcode: CPU0: patch_level=0x06001119
[    0.936892] microcode: CPU1: patch_level=0x06001119
[    0.936901] microcode: CPU2: patch_level=0x06001119
[    0.936910] microcode: CPU3: patch_level=0x06001119
[    0.936943] microcode: Microcode Update Driver: v2.01 <tigran@aivazian.fsnet.co.uk>, Peter Oruba
[    0.937127] registered taskstats version 1
[    0.937136] Loading compiled-in X.509 certificates
[    0.937152] zswap: loaded using pool lzo/zbud
[    0.937437]   Magic number: 4:860:801
[    0.937498] rtc_cmos 00:07: setting system clock to 2016-06-20 20:47:32 UTC (1466455652)
[    0.937564] PM: Hibernation image not present or could not be loaded.
[    0.938481] Freeing unused kernel memory: 1188K (ffffffff818ee000 - ffffffff81a17000)
[    0.938483] Write protecting the kernel read-only data: 8192k
[    0.938742] Freeing unused kernel memory: 392K (ffff88000159e000 - ffff880001600000)
[    0.939236] Freeing unused kernel memory: 228K (ffff8800017c7000 - ffff880001800000)
[    0.945752] random: systemd-tmpfile urandom read with 1 bits of entropy available
[    0.970612] i8042: PNP: No PS/2 controller found. Probing ports directly.
[    0.970999] serio: i8042 KBD port at 0x60,0x64 irq 1
[    0.971031] serio: i8042 AUX port at 0x60,0x64 irq 12
[    0.975276] ACPI: bus type USB registered
[    0.975322] usbcore: registered new interface driver usbfs
[    0.975336] usbcore: registered new interface driver hub
[    0.975379] usbcore: registered new device driver usb
[    0.975452] SCSI subsystem initialized
[    0.976147] ehci_hcd: USB 2.0 'Enhanced' Host Controller (EHCI) Driver
[    0.976521] ohci_hcd: USB 1.1 'Open' Host Controller (OHCI) Driver
[    0.976723] ohci-pci: OHCI PCI platform driver
[    0.976885] QUIRK: Enable AMD PLL fix
[    0.976910] xhci_hcd 0000:00:10.0: xHCI Host Controller
[    0.976921] xhci_hcd 0000:00:10.0: new USB bus registered, assigned bus number 1
[    0.977114] xhci_hcd 0000:00:10.0: hcc params 0x014042c3 hci version 0x96 quirks 0x00000608
[    0.977681] ehci-pci: EHCI PCI platform driver
[    0.977831] hub 1-0:1.0: USB hub found
[    0.977843] hub 1-0:1.0: 2 ports detected
[    0.977987] xhci_hcd 0000:00:10.0: xHCI Host Controller
[    0.977994] xhci_hcd 0000:00:10.0: new USB bus registered, assigned bus number 2
[    0.978765] libata version 3.00 loaded.
[    0.980536] usb usb2: We don't know the algorithms for LPM for this host, disabling LPM.
[    0.980703] hub 2-0:1.0: USB hub found
[    0.980713] hub 2-0:1.0: 2 ports detected
[    0.980971] ohci-pci 0000:00:12.0: OHCI PCI host controller
[    0.980978] ohci-pci 0000:00:12.0: new USB bus registered, assigned bus number 3
[    0.981012] ohci-pci 0000:00:12.0: irq 18, io mem 0xfef50000
[    1.038095] hub 3-0:1.0: USB hub found
[    1.038106] hub 3-0:1.0: 5 ports detected
[    1.038412] ohci-pci 0000:00:13.0: OHCI PCI host controller
[    1.038418] ohci-pci 0000:00:13.0: new USB bus registered, assigned bus number 4
[    1.038441] ohci-pci 0000:00:13.0: irq 18, io mem 0xfef4e000
[    1.094766] hub 4-0:1.0: USB hub found
[    1.094777] hub 4-0:1.0: 5 ports detected
[    1.095072] ohci-pci 0000:00:14.5: OHCI PCI host controller
[    1.095078] ohci-pci 0000:00:14.5: new USB bus registered, assigned bus number 5
[    1.095105] ohci-pci 0000:00:14.5: irq 18, io mem 0xfef4c000
[    1.151386] hub 5-0:1.0: USB hub found
[    1.151396] hub 5-0:1.0: 2 ports detected
[    1.207276] ehci-pci 0000:00:12.2: EHCI Host Controller
[    1.207295] ehci-pci 0000:00:12.2: new USB bus registered, assigned bus number 6
[    1.207300] ehci-pci 0000:00:12.2: applying AMD SB700/SB800/Hudson-2/3 EHCI dummy qh workaround
[    1.207313] ehci-pci 0000:00:12.2: debug port 1
[    1.207357] ehci-pci 0000:00:12.2: irq 17, io mem 0xfef4f000
[    1.217105] ehci-pci 0000:00:12.2: USB 2.0 started, EHCI 1.00
[    1.217323] hub 6-0:1.0: USB hub found
[    1.217329] hub 6-0:1.0: 5 ports detected
[    1.273875] hub 3-0:1.0: USB hub found
[    1.273884] hub 3-0:1.0: 5 ports detected
[    1.274265] ehci-pci 0000:00:13.2: EHCI Host Controller
[    1.274273] ehci-pci 0000:00:13.2: new USB bus registered, assigned bus number 7
[    1.274277] ehci-pci 0000:00:13.2: applying AMD SB700/SB800/Hudson-2/3 EHCI dummy qh workaround
[    1.274286] ehci-pci 0000:00:13.2: debug port 1
[    1.274318] ehci-pci 0000:00:13.2: irq 17, io mem 0xfef4d000
[    1.283772] ehci-pci 0000:00:13.2: USB 2.0 started, EHCI 1.00
[    1.283999] hub 7-0:1.0: USB hub found
[    1.284005] hub 7-0:1.0: 5 ports detected
[    1.340543] hub 4-0:1.0: USB hub found
[    1.340557] hub 4-0:1.0: 5 ports detected
[    1.340934] ahci 0000:00:11.0: version 3.0
[    1.341144] ahci 0000:00:11.0: AHCI 0001.0300 32 slots 6 ports 6 Gbps 0x3f impl SATA mode
[    1.341147] ahci 0000:00:11.0: flags: 64bit ncq sntf ilck pm led clo pmp pio slum part 
[    1.342199] scsi host0: ahci
[    1.342302] scsi host1: ahci
[    1.342394] scsi host2: ahci
[    1.342485] scsi host3: ahci
[    1.342575] scsi host4: ahci
[    1.342668] scsi host5: ahci
[    1.342714] ata1: SATA max UDMA/133 abar m2048@0xfef51000 port 0xfef51100 irq 30
[    1.342717] ata2: SATA max UDMA/133 abar m2048@0xfef51000 port 0xfef51180 irq 31
[    1.342719] ata3: SATA max UDMA/133 abar m2048@0xfef51000 port 0xfef51200 irq 32
[    1.342721] ata4: SATA max UDMA/133 abar m2048@0xfef51000 port 0xfef51280 irq 33
[    1.342723] ata5: SATA max UDMA/133 abar m2048@0xfef51000 port 0xfef51300 irq 34
[    1.342725] ata6: SATA max UDMA/133 abar m2048@0xfef51000 port 0xfef51380 irq 35
[    1.342901] xhci_hcd 0000:00:10.1: xHCI Host Controller
[    1.342907] xhci_hcd 0000:00:10.1: new USB bus registered, assigned bus number 8
[    1.343091] xhci_hcd 0000:00:10.1: hcc params 0x014042c3 hci version 0x96 quirks 0x00000608
[    1.343551] hub 8-0:1.0: USB hub found
[    1.343567] hub 8-0:1.0: 2 ports detected
[    1.343682] xhci_hcd 0000:00:10.1: xHCI Host Controller
[    1.343708] xhci_hcd 0000:00:10.1: new USB bus registered, assigned bus number 9
[    1.346510] usb usb9: We don't know the algorithms for LPM for this host, disabling LPM.
[    1.346668] hub 9-0:1.0: USB hub found
[    1.346680] hub 9-0:1.0: 2 ports detected
[    1.663811] ata2: SATA link down (SStatus 0 SControl 300)
[    1.663848] ata6: SATA link down (SStatus 0 SControl 300)
[    1.663875] ata5: SATA link down (SStatus 0 SControl 300)
[    1.663901] ata3: SATA link down (SStatus 0 SControl 300)
[    1.663923] ata4: SATA link down (SStatus 0 SControl 300)
[    1.827161] ata1: SATA link up 3.0 Gbps (SStatus 123 SControl 300)
[    1.828503] ata1.00: ATA-6: ST3500320NS, SN04, max UDMA/133
[    1.828507] ata1.00: 976773168 sectors, multi 16: LBA48 NCQ (depth 31/32)
[    1.830233] ata1.00: configured for UDMA/133
[    1.830534] scsi 0:0:0:0: Direct-Access     ATA      ST3500320NS      SN04 PQ: 0 ANSI: 5
[    1.832620] sd 0:0:0:0: [sda] 976773168 512-byte logical blocks: (500 GB/466 GiB)
[    1.832676] sd 0:0:0:0: [sda] Write Protect is off
[    1.832679] sd 0:0:0:0: [sda] Mode Sense: 00 3a 00 00
[    1.832701] sd 0:0:0:0: [sda] Write cache: enabled, read cache: enabled, doesn't support DPO or FUA
[    1.840492] usb 4-5: new full-speed USB device number 2 using ohci-pci
[    1.863849] tsc: Refined TSC clocksource calibration: 3499.982 MHz
[    1.863852] clocksource: tsc: mask: 0xffffffffffffffff max_cycles: 0x32734013f67, max_idle_ns: 440795323134 ns
[    1.881298]  sda: sda1 sda2
[    1.881631] sd 0:0:0:0: [sda] Attached SCSI disk
[    2.015399] hidraw: raw HID events driver (C) Jiri Kosina
[    2.020364] usbcore: registered new interface driver usbhid
[    2.020367] usbhid: USB HID core driver
[    2.021099] input: Cherry GmbH SmartBoard XX44 as /devices/pci0000:00/0000:00:13.0/usb4/4-5/4-5:1.0/0003:046A:0010.0001/input/input2
[    2.073866] hid-generic 0003:046A:0010.0001: input,hidraw0: USB HID v1.11 Keyboard [Cherry GmbH SmartBoard XX44] on usb-0000:00:13.0-5/input0
[    2.572187] EXT4-fs (sda1): mounted filesystem with ordered data mode. Opts: (null)
[    2.864045] clocksource: Switched to clocksource tsc
[    3.652584] ip_tables: (C) 2000-2006 Netfilter Core Team
[    3.684644] systemd[1]: systemd 229 running in system mode. (+PAM -AUDIT -SELINUX -IMA -APPARMOR +SMACK -SYSVINIT +UTMP +LIBCRYPTSETUP +GCRYPT +GNUTLS +ACL +XZ +LZ4 +SECCOMP +BLKID +ELFUTILS +KMOD +IDN)
[    3.684770] systemd[1]: Detected architecture x86-64.
[    3.692032] systemd[1]: Set hostname to <testpc>.
[    3.828549] random: nonblocking pool is initialized
[    4.795347] systemd[1]: Listening on Process Core Dump Socket.
[    4.795404] systemd[1]: Started Forward Password Requests to Wall Directory Watch.
[    4.834876] systemd[1]: Listening on LVM2 metadata daemon socket.
[    4.834912] systemd[1]: Listening on Device-mapper event daemon FIFOs.
[    4.834936] systemd[1]: Listening on udev Kernel Socket.
[    4.834972] systemd[1]: Listening on Journal Socket.
[    4.835000] systemd[1]: Listening on Journal Socket (/dev/log).
[    4.835300] systemd[1]: Created slice System Slice.
[    4.847530] systemd[1]: Mounting Debug File System...
[    4.869808] systemd[1]: Mounting Temporary Directory...
[    4.869910] systemd[1]: Created slice system-getty.slice.
[    4.870302] systemd[1]: Starting Setup Virtual Console...
[    4.870757] systemd[1]: Mounting POSIX Message Queue File System...
[    4.871174] systemd[1]: Starting Remount Root and Kernel File Systems...
[    4.871573] systemd[1]: Starting Create list of required static device nodes for the current kernel...
[    4.871958] systemd[1]: Starting Journal Service...
[    4.914402] systemd[1]: Mounting Configuration File System...
[    4.914471] systemd[1]: Listening on udev Control Socket.
[    4.914970] systemd[1]: Mounting Huge Pages File System...
[    4.915356] systemd[1]: Starting Apply Kernel Variables...
[    4.915399] systemd[1]: Listening on /dev/initctl Compatibility Named Pipe.
[    4.915525] systemd[1]: Set up automount Arbitrary Executable File Formats File System Automount Point.
[    4.968101] EXT4-fs (sda1): re-mounted. Opts: data=ordered
[    4.970782] systemd[1]: Created slice system-dhcpcd.slice.
[    4.970856] systemd[1]: Created slice User and Session Slice.
[    4.970868] systemd[1]: Reached target Slices.
[    4.970883] systemd[1]: Reached target Encrypted Volumes.
[    4.970897] systemd[1]: Reached target Remote File Systems.
[    4.970952] systemd[1]: Started Dispatch Password Requests to Console Directory Watch.
[    4.970963] systemd[1]: Reached target Paths.
[    4.984841] systemd[1]: Mounted Configuration File System.
[    4.984869] systemd[1]: Mounted Huge Pages File System.
[    4.984880] systemd[1]: Mounted Debug File System.
[    4.984891] systemd[1]: Mounted POSIX Message Queue File System.
[    4.984901] systemd[1]: Mounted Temporary Directory.
[    4.985192] systemd[1]: Started Remount Root and Kernel File Systems.
[    4.985326] systemd[1]: Started Create list of required static device nodes for the current kernel.
[    4.990779] systemd[1]: Starting udev Coldplug all Devices...
[    4.991261] systemd[1]: Starting Create Static Device Nodes in /dev...
[    4.991687] systemd[1]: Starting Load/Save Random Seed...
[    5.031638] systemd[1]: Started Setup Virtual Console.
[    5.135644] systemd[1]: Started Load/Save Random Seed.
[    5.310409] systemd[1]: Started udev Coldplug all Devices.
[    5.631611] systemd[1]: Started Create Static Device Nodes in /dev.
[    5.644315] systemd[1]: Starting udev Kernel Device Manager...
[    5.644340] systemd[1]: Reached target Local File Systems (Pre).
[    5.644387] systemd[1]: Reached target Local File Systems.
[    5.844138] systemd[1]: Started Apply Kernel Variables.
[    5.989384] systemd[1]: Started Journal Service.
[    6.038269] systemd-journald[179]: Received request to flush runtime journal from PID 1
[    6.911152] ACPI: acpi_idle registered with cpuidle
[    6.946618] acpi-cpufreq: overriding BIOS provided _PSD data
[    7.145542] input: Power Button as /devices/LNXSYSTM:00/LNXSYBUS:00/PNP0C0C:00/input/input3
[    7.145550] ACPI: Power Button [PWRB]
[    7.145646] input: Power Button as /devices/LNXSYSTM:00/LNXPWRBN:00/input/input4
[    7.145650] ACPI: Power Button [PWRF]
[    7.347208] shpchp: Standard Hot Plug PCI Controller Driver version: 0.4
[    7.352582] piix4_smbus 0000:00:14.0: SMBus Host Controller at 0xb00, revision 0
[    7.352655] piix4_smbus 0000:00:14.0: Auxiliary SMBus Host Controller at 0xb20
[    7.360131] wmi: Mapper loaded
[    7.367939] FUJITSU Extended Socket Network Device Driver - version 1.0 - Copyright (c) 2015 FUJITSU LIMITED
[    7.378861] parport_pc 00:05: reported by Plug and Play ACPI
[    7.378935] parport0: PC-style at 0x378, irq 5 [PCSPP]
[    7.601348] [drm] Initialized drm 1.1.0 20060810
[    7.698530] input: PC Speaker as /devices/platform/pcspkr/input/input5
[    7.772507] r8169 Gigabit Ethernet driver 2.3LK-NAPI loaded
[    7.772528] r8169 0000:01:00.0: can't disable ASPM; OS doesn't have ASPM control
[    7.773165] r8169 0000:01:00.0 eth0: RTL8168evl/8111evl at 0xffffc90000640000, d4:3d:7e:e0:0d:db, XID 0c900800 IRQ 43
[    7.773173] r8169 0000:01:00.0 eth0: jumbo features [frames: 9200 bytes, tx checksumming: ko]
[    7.781136] ppdev: user-space parallel port driver
[    7.850103] r8169 0000:01:00.0 enp1s0: renamed from eth0
[    7.993895] [drm] radeon kernel modesetting enabled.
[    7.999020] snd_hda_intel 0000:00:01.1: Force to non-snoop mode
[    8.004143] AVX version of gcm_enc/dec engaged.
[    8.004147] AES CTR mode by8 optimization enabled
[    8.109405] snd_hda_codec_realtek hdaudioC1D3: autoconfig for ALC887-VD: line_outs=4 (0x14/0x15/0x16/0x17/0x0) type:line
[    8.109411] snd_hda_codec_realtek hdaudioC1D3:    speaker_outs=0 (0x0/0x0/0x0/0x0/0x0)
[    8.109414] snd_hda_codec_realtek hdaudioC1D3:    hp_outs=1 (0x1b/0x0/0x0/0x0/0x0)
[    8.109417] snd_hda_codec_realtek hdaudioC1D3:    mono: mono_out=0x0
[    8.109419] snd_hda_codec_realtek hdaudioC1D3:    inputs:
[    8.109422] snd_hda_codec_realtek hdaudioC1D3:      Front Mic=0x19
[    8.109425] snd_hda_codec_realtek hdaudioC1D3:      Rear Mic=0x18
[    8.109428] snd_hda_codec_realtek hdaudioC1D3:      Line=0x1a
[    8.127705] input: HD-Audio Generic Front Mic as /devices/pci0000:00/0000:00:14.2/sound/card1/input7
[    8.127911] input: HD-Audio Generic Rear Mic as /devices/pci0000:00/0000:00:14.2/sound/card1/input8
[    8.128086] input: HD-Audio Generic Line as /devices/pci0000:00/0000:00:14.2/sound/card1/input9
[    8.128233] input: HD-Audio Generic Line Out Front as /devices/pci0000:00/0000:00:14.2/sound/card1/input10
[    8.128499] input: HD-Audio Generic Line Out Surround as /devices/pci0000:00/0000:00:14.2/sound/card1/input11
[    8.128835] input: HD-Audio Generic Line Out CLFE as /devices/pci0000:00/0000:00:14.2/sound/card1/input12
[    8.129116] input: HD-Audio Generic Line Out Side as /devices/pci0000:00/0000:00:14.2/sound/card1/input13
[    8.129528] input: HD-Audio Generic Front Headphone as /devices/pci0000:00/0000:00:14.2/sound/card1/input14
[    8.152305] AMD IOMMUv2 driver by Joerg Roedel <jroedel@suse.de>
[    8.167511] Found CRAT image with size=680
[    8.167516] Parsing CRAT table with 1 nodes
[    8.167519] Found CU entry in CRAT table with proximity_domain=0 caps=0
[    8.167521] CU CPU: cores=4 id_base=16
[    8.167523] Found memory entry in CRAT table with proximity_domain=0
[    8.167524] Found memory entry in CRAT table with proximity_domain=0
[    8.167527] Found cache entry in CRAT table with processor_id=16
[    8.167529] Found cache entry in CRAT table with processor_id=16
[    8.167530] Found cache entry in CRAT table with processor_id=16
[    8.167532] Found cache entry in CRAT table with processor_id=17
[    8.167533] Found cache entry in CRAT table with processor_id=18
[    8.167534] Found cache entry in CRAT table with processor_id=18
[    8.167535] Found cache entry in CRAT table with processor_id=18
[    8.167537] Found cache entry in CRAT table with processor_id=19
[    8.167538] Creating topology SYSFS entries
[    8.167568] Finished initializing topology ret=0
[    8.171081] kfd kfd: Initialized module
[    8.171679] checking generic (c0000000 7f0000) vs hw (c0000000 10000000)
[    8.171684] fb: switching to radeondrmfb from VESA VGA
[    8.171721] Console: switching to colour dummy device 80x25
[    8.172312] [drm] initializing kernel modesetting (ARUBA 0x1002:0x990E 0x1462:0x7721).
[    8.172330] [drm] register mmio base: 0xFEF00000
[    8.172333] [drm] register mmio size: 262144
[    8.172397] ATOM BIOS: 113
[    8.172461] radeon 0000:00:01.0: VRAM: 768M 0x0000000000000000 - 0x000000002FFFFFFF (768M used)
[    8.172465] radeon 0000:00:01.0: GTT: 1024M 0x0000000030000000 - 0x000000006FFFFFFF
[    8.172467] [drm] Detected VRAM RAM=768M, BAR=256M
[    8.172469] [drm] RAM width 64bits DDR
[    8.172535] [TTM] Zone  kernel: Available graphics memory: 1646876 kiB
[    8.172538] [TTM] Initializing pool allocator
[    8.172546] [TTM] Initializing DMA pool allocator
[    8.172573] [drm] radeon: 768M of VRAM memory ready
[    8.172575] [drm] radeon: 1024M of GTT memory ready.
[    8.172589] [drm] Loading ARUBA Microcode
[    8.175128] input: HDA ATI HDMI HDMI/DP,pcm=3 as /devices/pci0000:00/0000:00:01.1/sound/card0/input15
[    8.213298] [drm] Internal thermal controller without fan control
[    8.213669] [drm] radeon: dpm initialized
[    8.214865] kvm: Nested Virtualization enabled
[    8.214871] kvm: Nested Paging enabled
[    8.299594] [drm] Found VCE firmware/feedback version 50.0.1 / 17!
[    8.299627] [drm] GART: num cpu pages 262144, num gpu pages 262144
[    8.305823] [drm] PCIE GART of 1024M enabled (table at 0x00000000002E8000).
[    8.305937] radeon 0000:00:01.0: WB enabled
[    8.305941] radeon 0000:00:01.0: fence driver on ring 0 use gpu addr 0x0000000030000c00 and cpu addr 0xffff8800b78b3c00
[    8.306669] radeon 0000:00:01.0: fence driver on ring 5 use gpu addr 0x0000000000075a18 and cpu addr 0xffffc90001435a18
[    8.326850] radeon 0000:00:01.0: fence driver on ring 6 use gpu addr 0x0000000030000c18 and cpu addr 0xffff8800b78b3c18
[    8.326852] radeon 0000:00:01.0: fence driver on ring 7 use gpu addr 0x0000000030000c1c and cpu addr 0xffff8800b78b3c1c
[    8.326854] radeon 0000:00:01.0: fence driver on ring 1 use gpu addr 0x0000000030000c04 and cpu addr 0xffff8800b78b3c04
[    8.326856] radeon 0000:00:01.0: fence driver on ring 2 use gpu addr 0x0000000030000c08 and cpu addr 0xffff8800b78b3c08
[    8.326857] radeon 0000:00:01.0: fence driver on ring 3 use gpu addr 0x0000000030000c0c and cpu addr 0xffff8800b78b3c0c
[    8.326859] radeon 0000:00:01.0: fence driver on ring 4 use gpu addr 0x0000000030000c10 and cpu addr 0xffff8800b78b3c10
[    8.326861] [drm] Supports vblank timestamp caching Rev 2 (21.10.2013).
[    8.326862] [drm] Driver supports precise vblank timestamp query.
[    8.326863] radeon 0000:00:01.0: radeon: MSI limited to 32-bit
[    8.326988] radeon 0000:00:01.0: radeon: using MSI.
[    8.327261] [drm] radeon: irq initialized.
[    8.346172] [drm] ring test on 0 succeeded in 3 usecs
[    8.346179] [drm] ring test on 3 succeeded in 3 usecs
[    8.346185] [drm] ring test on 4 succeeded in 3 usecs
[    8.392226] [drm] ring test on 5 succeeded in 2 usecs
[    8.412243] [drm] UVD initialized successfully.
[    8.522316] [drm] ring test on 6 succeeded in 17 usecs
[    8.522326] [drm] ring test on 7 succeeded in 3 usecs
[    8.522327] [drm] VCE initialized successfully.
[    8.522964] [drm] ib test on ring 0 succeeded in 0 usecs
[    8.523493] [drm] ib test on ring 3 succeeded in 0 usecs
[    8.524021] [drm] ib test on ring 4 succeeded in 0 usecs
[    8.544570] [drm] ib test on ring 5 succeeded
[    8.549986] Adding 4172820k swap on /dev/sda2.  Priority:-1 extents:1 across:4172820k FS
[    9.064821] [drm] ib test on ring 6 succeeded
[    9.065361] [drm] ib test on ring 7 succeeded
[    9.066484] [drm] Radeon Display Connectors
[    9.066489] [drm] Connector 0:
[    9.066491] [drm]   HDMI-A-1
[    9.066493] [drm]   HPD1
[    9.066496] [drm]   DDC: 0x6530 0x6530 0x6534 0x6534 0x6538 0x6538 0x653c 0x653c
[    9.066498] [drm]   Encoders:
[    9.066500] [drm]     DFP1: INTERNAL_UNIPHY2
[    9.066502] [drm] Connector 1:
[    9.066503] [drm]   VGA-1
[    9.066504] [drm]   HPD2
[    9.066507] [drm]   DDC: 0x6540 0x6540 0x6544 0x6544 0x6548 0x6548 0x654c 0x654c
[    9.066508] [drm]   Encoders:
[    9.066510] [drm]     CRT1: INTERNAL_UNIPHY2
[    9.066512] [drm]     CRT1: NUTMEG
[    9.066513] [drm] Connector 2:
[    9.066515] [drm]   DVI-D-1
[    9.066516] [drm]   HPD3
[    9.066518] [drm]   DDC: 0x6550 0x6550 0x6554 0x6554 0x6558 0x6558 0x655c 0x655c
[    9.066520] [drm]   Encoders:
[    9.066521] [drm]     DFP2: INTERNAL_UNIPHY
[    9.181917] snd_hda_codec_hdmi hdaudioC0D0: HDMI ATI/AMD: no speaker allocation for ELD
[    9.260747] [drm] fb mappable at 0xC04EC000
[    9.260752] [drm] vram apper at 0xC0000000
[    9.260755] [drm] size 8294400
[    9.260757] [drm] fb depth is 24
[    9.260759] [drm]    pitch is 7680
[    9.260947] fbcon: radeondrmfb (fb0) is primary device
[    9.320239] Console: switching to colour frame buffer device 240x67
[    9.323778] radeon 0000:00:01.0: fb0: radeondrmfb frame buffer device
[    9.338046] [drm] Initialized radeon 2.43.0 20080528 for 0000:00:01.0 on minor 0
[    9.481196] snd_hda_codec_hdmi hdaudioC0D0: HDMI ATI/AMD: no speaker allocation for ELD
[    9.543277] r8169 0000:01:00.0 enp1s0: link down
[    9.543354] IPv6: ADDRCONF(NETDEV_UP): enp1s0: link is not ready
[    9.781252] snd_hda_codec_hdmi hdaudioC0D0: HDMI ATI/AMD: no speaker allocation for ELD
[   10.081287] snd_hda_codec_hdmi hdaudioC0D0: HDMI ATI/AMD: no speaker allocation for ELD
[   10.381264] snd_hda_codec_hdmi hdaudioC0D0: HDMI ATI/AMD: no speaker allocation for ELD
[   10.681286] snd_hda_codec_hdmi hdaudioC0D0: HDMI ATI/AMD: no speaker allocation for ELD
[   10.981365] snd_hda_codec_hdmi hdaudioC0D0: HDMI ATI/AMD: no speaker allocation for ELD
[   11.281385] snd_hda_codec_hdmi hdaudioC0D0: HDMI ATI/AMD: no speaker allocation for ELD
[   11.581369] snd_hda_codec_hdmi hdaudioC0D0: HDMI ATI/AMD: no speaker allocation for ELD
[  824.368379] r8169 0000:01:00.0 enp1s0: link up
[  824.368394] IPv6: ADDRCONF(NETDEV_CHANGE): enp1s0: link becomes ready
